{"synthetic": false,
 "schemaVersion": "2025-09-10",
 "outputs":
 {"o": ["caf48c4e5b0efe0d.olean"],
  "i": "c7b8afae0a01c2f6.ilean",
  "c": "2c77304233ede960.c"},
 "log":
 [{"message":
   ".> LEAN_PATH=/Users/emilyholguin/Desktop/SP26/MATH 157/FinalProject/.lake/packages/Cli/.lake/build/lib/lean:/Users/emilyholguin/Desktop/SP26/MATH 157/FinalProject/.lake/packages/batteries/.lake/build/lib/lean:/Users/emilyholguin/Desktop/SP26/MATH 157/FinalProject/.lake/packages/Qq/.lake/build/lib/lean:/Users/emilyholguin/Desktop/SP26/MATH 157/FinalProject/.lake/packages/aesop/.lake/build/lib/lean:/Users/emilyholguin/Desktop/SP26/MATH 157/FinalProject/.lake/packages/proofwidgets/.lake/build/lib/lean:/Users/emilyholguin/Desktop/SP26/MATH 157/FinalProject/.lake/packages/importGraph/.lake/build/lib/lean:/Users/emilyholguin/Desktop/SP26/MATH 157/FinalProject/.lake/packages/LeanSearchClient/.lake/build/lib/lean:/Users/emilyholguin/Desktop/SP26/MATH 157/FinalProject/.lake/packages/plausible/.lake/build/lib/lean:/Users/emilyholguin/Desktop/SP26/MATH 157/FinalProject/.lake/packages/mathlib/.lake/build/lib/lean:/Users/emilyholguin/Desktop/SP26/MATH 157/FinalProject/.lake/build/lib/lean /Users/emilyholguin/.elan/toolchains/leanprover--lean4---v4.29.1/bin/lean /Users/emilyholguin/Desktop/SP26/MATH 157/FinalProject/FinalProject.lean -o /Users/emilyholguin/Desktop/SP26/MATH 157/FinalProject/.lake/build/lib/lean/FinalProject.olean -i /Users/emilyholguin/Desktop/SP26/MATH 157/FinalProject/.lake/build/lib/lean/FinalProject.ilean -c /Users/emilyholguin/Desktop/SP26/MATH 157/FinalProject/.lake/build/ir/FinalProject.c --setup /Users/emilyholguin/Desktop/SP26/MATH 157/FinalProject/.lake/build/ir/FinalProject.setup.json --json",
   "level": "trace"}],
 "inputs":
 [["FinalProject:deps",
   [["deps",
     [["FinalProject/FinalProject:extraDep",
       [["@FinalProject:extraDep", "00000000000006bb"]]],
      ["imports",
       [["FinalProject.Basic transitive imports (legacy)", "7261709dcebcb679"],
        ["FinalProject.Basic:importAllArts", "a74f1fbf2859dca6"]]]]],
    ["libs",
     [["import dynlibs", "00000000000006bb"],
      ["package external libraries", "00000000000006bb"],
      ["module dynlibs", "00000000000006bb"],
      ["module plugins", "00000000000006bb"]]]]],
  ["Lean 4.29.1, commit f72c35b3f637c8c6571d353742168ab66cc22c00",
   "fa77a35a41db35c0"],
  ["/Users/emilyholguin/Desktop/SP26/MATH 157/FinalProject/FinalProject.lean",
   "9d1ba0b369b6548f"],
  ["options",
   [["-DmaxSynthPendingDepth=3", "c78e353d34de85d4"],
    ["-Dweak.linter.mathlibStandardSet=true", "8a155799906f2b42"],
    ["-DrelaxedAutoImplicit=false", "74a2b5546b55be80"],
    ["-Dpp.unicode.fun=true", "9b94070140457fab"]]],
  ["isModule: false", "feefd2a0d3a1847e"],
  ["Module.name: FinalProject", "31eac5b567f2da4c"],
  ["Package.id?: (some FinalProject)", "6e026ac43e441ad8"],
  ["Module.leanArgs: #[]", "00000000000006bb"]],
 "depHash": "6ef67d4f3e4bb82c"}