{"synthetic": false,
 "schemaVersion": "2025-09-10",
 "outputs":
 {"o": ["a3f3e1b24f658d9a.olean"],
  "i": "0d8a299a8ff025f0.ilean",
  "c": "833b32f5266d9426.c"},
 "log":
 [{"message":
   ".> LEAN_PATH=/Users/emilyholguin/Desktop/SP26/MATH 157/FinalProject/.lake/packages/Cli/.lake/build/lib/lean:/Users/emilyholguin/Desktop/SP26/MATH 157/FinalProject/.lake/packages/batteries/.lake/build/lib/lean:/Users/emilyholguin/Desktop/SP26/MATH 157/FinalProject/.lake/packages/Qq/.lake/build/lib/lean:/Users/emilyholguin/Desktop/SP26/MATH 157/FinalProject/.lake/packages/aesop/.lake/build/lib/lean:/Users/emilyholguin/Desktop/SP26/MATH 157/FinalProject/.lake/packages/proofwidgets/.lake/build/lib/lean:/Users/emilyholguin/Desktop/SP26/MATH 157/FinalProject/.lake/packages/importGraph/.lake/build/lib/lean:/Users/emilyholguin/Desktop/SP26/MATH 157/FinalProject/.lake/packages/LeanSearchClient/.lake/build/lib/lean:/Users/emilyholguin/Desktop/SP26/MATH 157/FinalProject/.lake/packages/plausible/.lake/build/lib/lean:/Users/emilyholguin/Desktop/SP26/MATH 157/FinalProject/.lake/packages/mathlib/.lake/build/lib/lean:/Users/emilyholguin/Desktop/SP26/MATH 157/FinalProject/.lake/build/lib/lean /Users/emilyholguin/.elan/toolchains/leanprover--lean4---v4.29.1/bin/lean /Users/emilyholguin/Desktop/SP26/MATH 157/FinalProject/FinalProject/Basic.lean -o /Users/emilyholguin/Desktop/SP26/MATH 157/FinalProject/.lake/build/lib/lean/FinalProject/Basic.olean -i /Users/emilyholguin/Desktop/SP26/MATH 157/FinalProject/.lake/build/lib/lean/FinalProject/Basic.ilean -c /Users/emilyholguin/Desktop/SP26/MATH 157/FinalProject/.lake/build/ir/FinalProject/Basic.c --setup /Users/emilyholguin/Desktop/SP26/MATH 157/FinalProject/.lake/build/ir/FinalProject/Basic.setup.json --json",
   "level": "trace"}],
 "inputs":
 [["FinalProject.Basic:deps",
   [["deps",
     [["FinalProject/FinalProject:extraDep",
       [["@FinalProject:extraDep", "00000000000006bb"]]],
      ["imports",
       [["Mathlib.Tactic transitive imports (legacy)", "7d3f8149d40d02f7"],
        ["Mathlib.Tactic:importAllArts", "8033b5d46c2dd76a"]]]]],
    ["libs",
     [["import dynlibs", "00000000000006bb"],
      ["package external libraries", "00000000000006bb"],
      ["module dynlibs", "00000000000006bb"],
      ["module plugins", "00000000000006bb"]]]]],
  ["Lean 4.29.1, commit f72c35b3f637c8c6571d353742168ab66cc22c00",
   "fa77a35a41db35c0"],
  ["/Users/emilyholguin/Desktop/SP26/MATH 157/FinalProject/FinalProject/Basic.lean",
   "d2224c6f7ddd443d"],
  ["options",
   [["-DmaxSynthPendingDepth=3", "c78e353d34de85d4"],
    ["-Dweak.linter.mathlibStandardSet=true", "8a155799906f2b42"],
    ["-DrelaxedAutoImplicit=false", "74a2b5546b55be80"],
    ["-Dpp.unicode.fun=true", "9b94070140457fab"]]],
  ["isModule: false", "feefd2a0d3a1847e"],
  ["Module.name: FinalProject.Basic", "aee42521c865093c"],
  ["Package.id?: (some FinalProject)", "6e026ac43e441ad8"],
  ["Module.leanArgs: #[]", "00000000000006bb"]],
 "depHash": "9ee6cfdf8d28fd13"}